C51 COMPILER V7.06   MAIN                                                                  07/07/2019 15:58:51 PAGE 1   


C51 COMPILER V7.06, COMPILATION OF MODULE MAIN
OBJECT MODULE PLACED IN main.obj
COMPILER INVOKED BY: D:\duanxueqi\keil\C51\BIN\C51.EXE MAIN\main.c BROWSE INCDIR(D:\duanxueqi\keil\code\congji2\UART\) D
                    -EBUG OBJECTEXTEND PRINT(.\main.lst) OBJECT(main.obj)

stmt level    source

   1          #include <reg51.h>
   2          #include "uart.h"
   3          
   4          #define uchar unsigned char
   5          
   6          sbit STAR = P2^3;
   7          sbit OE = P2^4;
   8          
   9          uchar vcc = 5;
  10          char temp, v;
  11          
  12          void init() {
  13   1              IT0 = 1;   //下降沿触发
  14   1              EX0 = 1;   //关外部中断
  15   1              EA = 1;    //总中断
  16   1      
  17   1              P2 &= 0xf8; //选择通道0                         
  18   1              OE = 0;
  19   1              STAR = 0;
  20   1      
  21   1              uartInit();
  22   1      }
  23          
  24          
  25          void main() {
  26   1              
  27   1              init();
  28   1              while(1) {
  29   2              }
  30   1      }
  31          
  32          
  33          void int0() interrupt 1 {
  34   1              EX0 = 0;
  35   1      
  36   1              OE = 1; //允许输出
  37   1              temp = P0; //取值
  38   1              OE = 0;
  39   1              uartWriteOne(temp);             //发送
  40   1              EX0 = 1;
  41   1      }


MODULE INFORMATION:   STATIC OVERLAYABLE
   CODE SIZE        =     93    ----
   CONSTANT SIZE    =   ----    ----
   XDATA SIZE       =   ----    ----
   PDATA SIZE       =   ----    ----
   DATA SIZE        =      3    ----
   IDATA SIZE       =   ----    ----
   BIT SIZE         =   ----    ----
END OF MODULE INFORMATION.


C51 COMPILATION COMPLETE.  0 WARNING(S),  0 ERROR(S)
