C51 COMPILER V7.06   UART                                                                  07/07/2019 15:58:51 PAGE 1   


C51 COMPILER V7.06, COMPILATION OF MODULE UART
OBJECT MODULE PLACED IN uart.obj
COMPILER INVOKED BY: D:\duanxueqi\keil\C51\BIN\C51.EXE UART\uart.c BROWSE INCDIR(D:\duanxueqi\keil\code\congji2\UART\) D
                    -EBUG OBJECTEXTEND PRINT(.\uart.lst) OBJECT(uart.obj)

stmt level    source

   1          #include "uart.h"
   2          #include <reg51.h>
   3          #include <intrins.h>
   4          #define uchar unsigned char
   5          #define ADDR 0x30
   6          #define CMD 0x01
   7          
   8          sbit STAR = P2^3;
   9          uchar readSbuf, readData;
  10          uchar readStar = 0;
  11          
  12          void uartInit() {
  13   1              TMOD = 0x20; //方式2
  14   1              TH1 = 0xfd;  //9600bps
  15   1              TL1 = 0xfd; 
  16   1      //      REN = 1;        //允许串口接收
  17   1      //      SM0 = 1;        
  18   1      //      SM1 = 1; //工作方式3 主从
  19   1      //      SM2 = 0;  //只接受地址（主机TB8=1的时候。只需从机设置） //该方法初始化串口有毒，别用，垃圾软件。用SCON
  20   1              SCON = 0xf0;
  21   1      
  22   1              ES = 1;         //串口中断      
  23   1              TR1 = 1;        //启动定时器1
  24   1              EA = 1;         //总中断
  25   1      }
  26          
  27          void uartWriteOne(uchar str) {
  28   1                      SBUF = str;
  29   1              while(!TI);
  30   1                      TI = 0;         
  31   1      }
  32          
  33          void uartRead() interrupt 4 {   
  34   1              ES = 0;
  35   1              if(RI) {
  36   2                      readSbuf = SBUF;
  37   2                      if(readStar) {
  38   3                              readData = readSbuf;
  39   3                              if(readData == CMD) {//采集一次
  40   4                                      STAR = 0;
  41   4                                      STAR = 1;
  42   4                                      STAR = 0;
  43   4                              }
  44   3                              readStar = 0;   //本次结束
  45   3                              SM2 = 0;        //接受地址
  46   3                      }
  47   2              }
  48   1              if(readSbuf == ADDR) {
  49   2                      readStar = 1;  //开始接受数据
  50   2                      SM2 = 0;  //接受数据模式
  51   2              }
  52   1      
  53   1              RI = 0;
  54   1              ES = 1;
C51 COMPILER V7.06   UART                                                                  07/07/2019 15:58:51 PAGE 2   

  55   1      }


MODULE INFORMATION:   STATIC OVERLAYABLE
   CODE SIZE        =     81    ----
   CONSTANT SIZE    =   ----    ----
   XDATA SIZE       =   ----    ----
   PDATA SIZE       =   ----    ----
   DATA SIZE        =      3    ----
   IDATA SIZE       =   ----    ----
   BIT SIZE         =   ----    ----
END OF MODULE INFORMATION.


C51 COMPILATION COMPLETE.  0 WARNING(S),  0 ERROR(S)
